Keyword('var') at 2:1
Identifier('y') at 2:5
AssignOp(':=') at 2:7
Integer('20') at 2:10
Delimiter(';') at 2:12
Keyword('var') at 4:1
Identifier('z') at 4:5
AssignOp(':=') at 4:7
Integer('30') at 4:10
Delimiter(';') at 4:12
Keyword('let') at 5:1
Keyword('var') at 5:5
Identifier('x') at 5:9
Delimiter(':') at 5:10
Identifier('int') at 5:12
AssignOp(':=') at 5:16
Integer('10') at 5:19
Delimiter(';') at 5:21
Keyword('var') at 6:1
Identifier('a') at 6:5
AssignOp(':=') at 6:7
Integer('30') at 6:10
Delimiter(';') at 6:12
EOF('') at 8:0
