Keyword('func') at 1:1
Identifier('add') at 1:6
Delimiter('(') at 1:9
Identifier('a') at 1:10
Delimiter(':') at 1:11
Identifier('int') at 1:13
Delimiter(',') at 1:16
Identifier('b') at 1:18
Delimiter(':') at 1:19
Identifier('int') at 1:21
Delimiter(')') at 1:24
Delimiter(':') at 1:25
Identifier('int') at 1:27
Delimiter('{') at 1:31
Keyword('return') at 2:5
Identifier('a') at 2:12
Operator('+') at 2:14
Identifier('b') at 2:16
Delimiter(';') at 2:17
Delimiter('}') at 3:1
Keyword('let') at 5:1
Keyword('var') at 5:5
Identifier('x') at 5:9
Delimiter(':') at 5:10
Identifier('int') at 5:12
AssignOp(':=') at 5:16
Integer('10') at 5:19
Delimiter(';') at 5:21
Keyword('var') at 6:1
Identifier('y') at 6:5
AssignOp(':=') at 6:7
Integer('20') at 6:10
Delimiter(';') at 6:12
Identifier('x') at 7:1
AssignOp(':=') at 7:3
Identifier('x') at 7:6
Operator('+') at 7:8
Identifier('y') at 7:10
Delimiter(';') at 7:11
Keyword('if') at 9:1
Delimiter('(') at 9:4
Identifier('x') at 9:5
Operator('>') at 9:7
Integer('15') at 9:9
Delimiter(')') at 9:11
Delimiter('{') at 9:13
Keyword('print') at 10:5
Delimiter('(') at 10:10
Identifier('x') at 10:11
Delimiter(')') at 10:12
Delimiter(';') at 10:13
Delimiter('}') at 11:1
Keyword('else') at 11:3
Delimiter('{') at 11:8
Keyword('print') at 12:5
Delimiter('(') at 12:10
Identifier('false') at 12:11
Delimiter(')') at 12:16
Delimiter(';') at 12:17
Delimiter('}') at 13:1
EOF('') at 14:0
