Keyword('var') at 1:1
Identifier('x') at 1:5
AssignOp(':=') at 1:7
Integer('20') at 1:10
Delimiter(';') at 1:12
Keyword('if') at 3:1
Delimiter('(') at 3:3
Identifier('x') at 3:4
Operator('==') at 3:6
Integer('15') at 3:9
Delimiter(')') at 3:11
Delimiter('{') at 3:13
Keyword('print') at 4:5
Delimiter('(') at 4:10
Integer('1') at 4:11
Delimiter(')') at 4:12
Delimiter(';') at 4:13
Delimiter('}') at 5:1
Keyword('else') at 5:3
Delimiter('{') at 5:8
Keyword('if') at 6:5
Delimiter('(') at 6:7
Identifier('x') at 6:8
Operator('<=') at 6:10
Integer('2') at 6:13
Delimiter(')') at 6:14
Delimiter('{') at 6:16
Keyword('print') at 7:9
Delimiter('(') at 7:14
Integer('2') at 7:15
Delimiter(')') at 7:16
Delimiter(';') at 7:17
Delimiter('}') at 8:5
Delimiter('}') at 9:1
Keyword('while') at 11:1
Delimiter('(') at 11:6
Identifier('x') at 11:7
Operator('>=') at 11:9
Integer('0') at 11:12
Delimiter(')') at 11:13
Delimiter('{') at 11:15
Identifier('x') at 12:5
AssignOp(':=') at 12:7
Identifier('x') at 12:10
Operator('-') at 12:12
Integer('1') at 12:14
Delimiter(';') at 12:15
Keyword('print') at 13:5
Delimiter('(') at 13:10
Identifier('x') at 13:11
Delimiter(')') at 13:12
Delimiter(';') at 13:13
Delimiter('}') at 14:1
Keyword('if') at 16:1
Delimiter('(') at 16:3
Identifier('x') at 16:4
Operator('!=') at 16:6
Integer('0') at 16:9
Delimiter(')') at 16:10
Delimiter('{') at 16:12
Keyword('print') at 17:5
Delimiter('(') at 17:10
Integer('10') at 17:11
Delimiter(')') at 17:13
Delimiter(';') at 17:14
Delimiter('}') at 18:1
Keyword('while') at 20:1
Delimiter('(') at 20:7
Identifier('x') at 20:8
Operator('<') at 20:10
Integer('16') at 20:12
Delimiter(')') at 20:14
Delimiter('{') at 20:16
Keyword('print') at 21:5
Delimiter('(') at 21:10
Identifier('x') at 21:11
Delimiter(')') at 21:12
Delimiter(';') at 21:13
Identifier('x') at 22:5
AssignOp(':=') at 22:7
Identifier('x') at 22:10
Operator('*') at 22:12
Integer('2') at 22:14
Delimiter(';') at 22:15
Delimiter('}') at 23:1
Keyword('while') at 25:1
Delimiter('(') at 25:7
Identifier('x') at 25:8
Operator('>') at 25:10
Integer('1') at 25:12
Delimiter(')') at 25:13
Delimiter('{') at 25:15
Keyword('print') at 26:5
Delimiter('(') at 26:10
Identifier('x') at 26:11
Delimiter(')') at 26:12
Delimiter(';') at 26:13
Identifier('x') at 27:5
AssignOp(':=') at 27:7
Identifier('x') at 27:10
Operator('/') at 27:12
Integer('2') at 27:14
Delimiter(';') at 27:15
Delimiter('}') at 28:1
EOF('') at 30:0
